ASxxxx Linker V03.00/V05.40 + sdld,  page 1.
Hexadecimal  [32-Bits]

Area                                    Addr        Size        Decimal Bytes (Attributes)
--------------------------------        ----        ----        ------- ----- ------------
.  .ABS.                            00000000    00000000 =           0. bytes (ABS,CON)

      Value  Global                              Global Defined In Module
      -----  --------------------------------   ------------------------
     00000000  .__.ABS.                           
     00000000  _rRAMG                             
     00000000  l__BASE                         
     00000000  l__BSS                          
     00000000  l__CABS                         
     00000000  l__CODE_0                       
     00000000  l__CRASH_HEADER                 
     00000000  l__CRASH_SCRATCH                
     00000000  l__DABS                         
     00000000  l__HEADER                       
     00000000  l__HEADER_LCD                   
     00000000  l__HEADER_SIO                   
     00000000  l__HEADER_TIMER                 
     00000000  l__HEAP                         
     00000000  l__HEAP_END                     
     00000000  l__HRAM                         
     00000000  l__LIT                          
     00000000  s__CABS                         
     00000000  s__CRASH_HEADER                 
     00000000  s__CRASH_HEADER0                
     00000000  s__CRASH_HEADER1                
     00000000  s__CRASH_SCRATCH                
     00000000  s__CRASH_SCRATCH2               
     00000000  s__DABS                         
     00000000  s__HEADER                       
     00000000  s__HEADER0                      
     00000000  s__HEADER1                      
     00000000  s__HEADER10                     
     00000000  s__HEADER11                     
     00000000  s__HEADER2                      
     00000000  s__HEADER3                      
     00000000  s__HEADER4                      
     00000000  s__HEADER5                      
     00000000  s__HEADER6                      
     00000000  s__HEADER7                      
     00000000  s__HEADER8                      
     00000000  s__HEADER9                      
     00000000  s__HEADER_LCD                   
     00000000  s__HEADER_LCD0                  
     00000000  s__HEADER_SIO                   
     00000000  s__HEADER_SIO0                  
     00000000  s__HEADER_TIMER                 
     00000000  s__HEADER_TIMER0                
     00000000  s__HEADERa                      
     00000000  s__HEADERb                      
     00000000  s__HEADERc                      
     00000000  s__HEADERd                      
     00000000  s__HEADERe                      
     00000000  s__HEADERf                      
     00000000  s__HRAM                         
ASxxxx Linker V03.00/V05.40 + sdld,  page 2.
Hexadecimal  [32-Bits]

Area                                    Addr        Size        Decimal Bytes (Attributes)
--------------------------------        ----        ----        ------- ----- ------------
.  .ABS.                            00000000    00000000 =           0. bytes (ABS,CON)

      Value  Global                              Global Defined In Module
      -----  --------------------------------   ------------------------
     00000000  s__HRAM12                       
     00000001  ___bank_VM_MAIN                    vm
     00000001  ___bank_VM_SGB                     vm_sgb
     00000001  ___bank_bg_croiset_tilemap_attr    bg_croiset_tilemap_attr
     00000001  ___bank_scene_4_sprites            scene_4_sprites
     00000001  ___bank_sound_portal_wav           sound_portal_wav
     00000001  b_script_detach_hthread            vm
     00000001  b_script_execute                   vm
     00000001  b_script_runner_init               vm
     00000001  b_script_terminate                 vm
     00000001  b_ui_draw_frame                    ui
     00000001  b_ui_draw_text_buffer_char         ui
     00000001  b_ui_init                          ui
     00000001  b_ui_load_tiles                    ui
     00000001  b_ui_run_menu                      ui
     00000001  b_ui_run_modal                     ui
     00000001  b_ui_set_start_tile                ui
     00000001  b_vm_call                          vm
     00000001  b_vm_call_far                      vm
     00000001  b_vm_get_indirect                  vm
     00000001  b_vm_get_int16                     vm
     00000001  b_vm_get_int8                      vm
     00000001  b_vm_get_tlocal                    vm
     00000001  b_vm_get_uint8                     vm
     00000001  b_vm_idle                          vm
     00000001  b_vm_if                            vm
     00000001  b_vm_if_const                      vm
     00000001  b_vm_init_rng                      vm
     00000001  b_vm_invoke                        vm
     00000001  b_vm_join                          vm
     00000001  b_vm_jump                          vm
     00000001  b_vm_lock                          vm
     00000001  b_vm_loop                          vm
     00000001  b_vm_memcpy                        vm
     00000001  b_vm_memset                        vm
     00000001  b_vm_poll_loaded                   vm
     00000001  b_vm_pop                           vm
     00000001  b_vm_push                          vm
     00000001  b_vm_push_reference                vm
     00000001  b_vm_push_value                    vm
     00000001  b_vm_push_value_ind                vm
     00000001  b_vm_raise                         vm
     00000001  b_vm_rand                          vm
     00000001  b_vm_reserve                       vm
     00000001  b_vm_ret                           vm
     00000001  b_vm_ret_far                       vm
     00000001  b_vm_set                           vm
     00000001  b_vm_set_const                     vm
     00000001  b_vm_set_const_int16               vm
     00000001  b_vm_set_const_int8                vm
     00000001  b_vm_set_indirect                  vm
ASxxxx Linker V03.00/V05.40 + sdld,  page 3.
Hexadecimal  [32-Bits]

Area                                    Addr        Size        Decimal Bytes (Attributes)
--------------------------------        ----        ----        ------- ----- ------------
.  .ABS.                            00000000    00000000 =           0. bytes (ABS,CON)

      Value  Global                              Global Defined In Module
      -----  --------------------------------   ------------------------
     00000001  b_vm_set_int16                     vm
     00000001  b_vm_set_int8                      vm
     00000001  b_vm_set_uint8                     vm
     00000001  b_vm_terminate                     vm
     00000001  b_vm_test_terminate                vm
     00000001  b_vm_unlock                        vm
     00000001  b_wait_frames                      vm
     00000001  l__GSFINAL                      
     00000001  l__HEADER0                      
     00000001  l__HEADER5                      
     00000001  l__HEADERa                      
     00000001  l__HEADERb                      
     00000001  l__HEADERc                      
     00000001  l__HEADERe                      
     00000001  l__HEADERf                      
     00000002  ___bank_ACTOR                      actor
     00000002  ___bank_VM_ACTOR                   vm_actor
     00000002  ___bank_script_engine_init         
     00000002  b_activate_actor                   actor
     00000002  b_activate_actors_in_col           actor
     00000002  b_activate_actors_in_row           actor
     00000002  b_actor_at_tile                    actor
     00000002  b_actor_get_frame_offset           actor
     00000002  b_actor_in_front_of_player         actor
     00000002  b_actor_overlapping_bb             actor
     00000002  b_actor_overlapping_player         actor
     00000002  b_actor_set_anim_idle              actor
     00000002  b_actor_set_anim_moving            actor
     00000002  b_actor_set_dir                    actor
     00000002  b_actor_set_frame_offset           actor
     00000002  b_actor_set_frames                 actor
     00000002  b_actors_handle_player_collision   actor
     00000002  b_actors_init                      actor
     00000002  b_check_collision_in_direction     actor
     00000002  b_deactivate_actor                 actor
     00000002  b_platform_init                    platform
     00000002  b_platform_update                  platform
     00000002  b_player_init                      actor
     00000002  b_vm_actor_activate                vm_actor
     00000002  b_vm_actor_begin_update            vm_actor
     00000002  b_vm_actor_deactivate              vm_actor
     00000002  b_vm_actor_emote                   vm_actor
     00000002  b_vm_actor_get_angle               vm_actor
     00000002  b_vm_actor_get_anim_frame          vm_actor
     00000002  b_vm_actor_get_dir                 vm_actor
     00000002  b_vm_actor_get_pos                 vm_actor
     00000002  b_vm_actor_move_cancel             vm_actor
     00000002  b_vm_actor_move_to                 vm_actor
     00000002  b_vm_actor_replace_tile            vm_actor
     00000002  b_vm_actor_set_anim                vm_actor
     00000002  b_vm_actor_set_anim_frame          vm_actor
ASxxxx Linker V03.00/V05.40 + sdld,  page 4.
Hexadecimal  [32-Bits]

Area                                    Addr        Size        Decimal Bytes (Attributes)
--------------------------------        ----        ----        ------- ----- ------------
.  .ABS.                            00000000    00000000 =           0. bytes (ABS,CON)

      Value  Global                              Global Defined In Module
      -----  --------------------------------   ------------------------
     00000002  b_vm_actor_set_anim_set            vm_actor
     00000002  b_vm_actor_set_anim_tick           vm_actor
     00000002  b_vm_actor_set_bounds              vm_actor
     00000002  b_vm_actor_set_dir                 vm_actor
     00000002  b_vm_actor_set_flags               vm_actor
     00000002  b_vm_actor_set_move_speed          vm_actor
     00000002  b_vm_actor_set_pos                 vm_actor
     00000002  b_vm_actor_set_spritesheet         vm_actor
     00000002  b_vm_actor_set_spritesheet_by_re   vm_actor
     00000002  b_vm_actor_terminate_update        vm_actor
     00000002  l__HEADER10                     
     00000002  l__HEADER6                      
     00000002  l__HEADERd                      
     00000003  ___bank_VM_UI                      vm_ui
     00000003  ___bank_font_gbs_variable_width    font_gbs_variable_width
     00000003  ___bank_scene_3_sprites            scene_3_sprites
     00000003  ___bank_song_song_template_1_Dat   song_song_template_1_Data
     00000003  ___bank_song_song_template_Data    song_song_template_Data
     00000003  b_do_load_palette                  data_manager
     00000003  b_itoa_fmt                         vm_ui_a
     00000003  b_load_background                  data_manager
     00000003  b_load_bkg_tileset                 data_manager
     00000003  b_load_bounds                      data_manager
     00000003  b_load_emote                       data_manager
     00000003  b_load_init                        data_manager
     00000003  b_load_player                      data_manager
     00000003  b_load_scene                       data_manager
     00000003  b_load_sprite                      data_manager
     00000003  b_shmup_init                       shmup
     00000003  b_shmup_update                     shmup
     00000003  b_vm_choice                        vm_ui
     00000003  b_vm_display_text                  vm_ui
     00000003  b_vm_overlay_clear                 vm_ui
     00000003  b_vm_overlay_move_to               vm_ui
     00000003  b_vm_overlay_scroll                vm_ui
     00000003  b_vm_overlay_set_map               vm_ui
     00000003  b_vm_overlay_set_scroll            vm_ui
     00000003  b_vm_overlay_set_submap            vm_ui
     00000003  b_vm_overlay_set_submap_ex         vm_ui
     00000003  b_vm_overlay_setpos                vm_ui
     00000003  b_vm_overlay_show                  vm_ui
     00000003  b_vm_overlay_wait                  vm_ui
     00000003  b_vm_set_font                      vm_ui
     00000003  b_vm_set_text_sound                vm_ui
     00000003  b_vm_switch_text_layer             vm_ui
     00000003  l__HEADER9                      
     00000003  l__HEADER_LCD0                  
     00000003  l__HRAM12                       
     00000004  ___bank_VM_GAMEBOY                 vm_gameboy
     00000004  ___bank_actor_4_interact           actor_4_interact
     00000004  ___bank_bg_end_tileset             bg_end_tileset
ASxxxx Linker V03.00/V05.40 + sdld,  page 5.
Hexadecimal  [32-Bits]

Area                                    Addr        Size        Decimal Bytes (Attributes)
--------------------------------        ----        ----        ------- ----- ------------
.  .ABS.                            00000000    00000000 =           0. bytes (ABS,CON)

      Value  Global                              Global Defined In Module
      -----  --------------------------------   ------------------------
     00000004  ___bank_bg_hasting_tilemap         bg_hasting_tilemap
     00000004  ___bank_bg_hasting_tilemap_attr    bg_hasting_tilemap_attr
     00000004  ___bank_bg_jeanne_darc_tilemap     bg_jeanne_darc_tilemap
     00000004  ___bank_bg_jeanne_darc_tilemap_a   bg_jeanne_darc_tilemap_attr
     00000004  ___bank_scene_5_collisions         scene_5_collisions
     00000004  ___bank_sprite_invisible_tileset   sprite_invisible_tileset
     00000004  ___mute_mask_sound_portal_wav      sound_portal_wav
     00000004  __start_save                    
     00000004  b_adventure_init                   adventure
     00000004  b_adventure_update                 adventure
     00000004  b_scroll_init                      scroll
     00000004  b_scroll_repaint                   scroll
     00000004  b_scroll_reset                     scroll
     00000004  b_scroll_update                    scroll
     00000004  b_topdown_init                     topdown
     00000004  b_topdown_update                   topdown
     00000004  b_vm_context_prepare               vm_gameboy
     00000004  b_vm_fade                          vm_gameboy
     00000004  b_vm_get_tile_xy                   vm_gameboy
     00000004  b_vm_input_attach                  vm_gameboy
     00000004  b_vm_input_detach                  vm_gameboy
     00000004  b_vm_input_get                     vm_gameboy
     00000004  b_vm_input_wait                    vm_gameboy
     00000004  b_vm_load_tiles                    vm_gameboy
     00000004  b_vm_load_tileset                  vm_gameboy
     00000004  b_vm_poll                          vm_gameboy
     00000004  b_vm_replace_tile                  vm_gameboy
     00000004  b_vm_replace_tile_xy               vm_gameboy
     00000004  b_vm_rumble                        vm_gameboy
     00000004  b_vm_set_sprite_mode               vm_gameboy
     00000004  b_vm_set_sprites_visible           vm_gameboy
     00000004  b_vm_timer_prepare                 vm_gameboy
     00000004  b_vm_timer_reset                   vm_gameboy
     00000004  b_vm_timer_set                     vm_gameboy
     00000004  b_vm_timer_stop                    vm_gameboy
     00000004  l__CRASH_HEADER1                
     00000004  l__HEADER_SIO0                  
     00000004  l__HEADER_TIMER0                
     00000005  ___bank_bg_abbaye_tilemap          bg_abbaye_tilemap
     00000005  ___bank_bg_abbaye_tilemap_attr     bg_abbaye_tilemap_attr
     00000005  ___bank_bg_abbaye_tileset          bg_abbaye_tileset
     00000005  ___bank_bg_jeanne_darc_tileset     bg_jeanne_darc_tileset
     00000005  ___bank_bg_logo_tileset            bg_logo_tileset
     00000005  ___bank_bg_plancher_des_vaches_t   bg_plancher_des_vaches_tilem
     00000005  ___bank_bg_plancher_des_vaches_t   bg_plancher_des_vaches_tilem
     00000005  ___bank_bg_titlescreen_tileset     bg_titlescreen_tileset
     00000005  ___bank_cursor_image               cursor_image
     00000005  ___bank_scene_3_collisions         scene_3_collisions
     00000005  ___bank_scene_6_collisions         scene_6_collisions
     00000005  ___bank_scene_9_collisions         scene_9_collisions
     00000005  b_core_reset                       core
ASxxxx Linker V03.00/V05.40 + sdld,  page 6.
Hexadecimal  [32-Bits]

Area                                    Addr        Size        Decimal Bytes (Attributes)
--------------------------------        ----        ----        ------- ----- ------------
.  .ABS.                            00000000    00000000 =           0. bytes (ABS,CON)

      Value  Global                              Global Defined In Module
      -----  --------------------------------   ------------------------
     00000005  b_core_run                         core
     00000005  b_data_clear                       load_save
     00000005  b_data_init                        load_save
     00000005  b_data_load                        load_save
     00000005  b_data_peek                        load_save
     00000005  b_data_save                        load_save
     00000005  b_pointnclick_init                 pointnclick
     00000005  b_pointnclick_update               pointnclick
     00000005  b_projectile_launch                projectiles
     00000005  b_projectiles_init                 projectiles
     00000005  b_trigger_activate_at              trigger
     00000005  b_trigger_activate_at_intersecti   trigger
     00000005  b_trigger_at_intersection          trigger
     00000005  b_trigger_at_tile                  trigger
     00000005  b_trigger_interact                 trigger
     00000005  b_trigger_reset                    trigger
     00000005  l__CRASH_HEADER0                
     00000005  l__HEADER1                      
     00000006  ___bank_VM_CAMERA                  vm_camera
     00000006  ___bank_VM_MATH                    vm_math
     00000006  ___bank_VM_MUSIC                   vm_music
     00000006  ___bank_VM_PALETTE                 vm_palette
     00000006  ___bank_VM_SIO                     vm_sio
     00000006  ___bank_actor_0_interact           actor_0_interact
     00000006  ___bank_bg_abbaye                  bg_abbaye
     00000006  ___bank_bg_cathedrle_tilemap       bg_cathedrle_tilemap
     00000006  ___bank_bg_cathedrle_tilemap_att   bg_cathedrle_tilemap_attr
     00000006  ___bank_bg_cathedrle_tileset       bg_cathedrle_tileset
     00000006  ___bank_bg_croiset_tilemap         bg_croiset_tilemap
     00000006  ___bank_bg_croiset_tileset         bg_croiset_tileset
     00000006  ___bank_bg_end_tilemap             bg_end_tilemap
     00000006  ___bank_bg_end_tilemap_attr        bg_end_tilemap_attr
     00000006  ___bank_bg_logo_tilemap            bg_logo_tilemap
     00000006  ___bank_bg_logo_tilemap_attr       bg_logo_tilemap_attr
     00000006  ___bank_bg_plancher_des_vaches_t   bg_plancher_des_vaches_tiles
     00000006  ___bank_bg_theatre_tilemap         bg_theatre_tilemap
     00000006  ___bank_bg_theatre_tilemap_attr    bg_theatre_tilemap_attr
     00000006  ___bank_bg_theatre_tileset         bg_theatre_tileset
     00000006  ___bank_bg_titlescreen_tilemap     bg_titlescreen_tilemap
     00000006  ___bank_scene_10_collisions        scene_10_collisions
     00000006  ___bank_scene_4_collisions         scene_4_collisions
     00000006  ___bank_scene_7_collisions         scene_7_collisions
     00000006  ___bank_scene_8_collisions         scene_8_collisions
     00000006  ___bank_scene_logo_collisions      scene_logo_collisions
     00000006  ___bank_scene_title_screen_colli   scene_title_screen_collision
     00000006  ___bank_scene_title_screen_init    scene_title_screen_init
     00000006  ___bank_sprite_explorer_tileset    sprite_explorer_tileset
     00000006  ___bank_sprite_flaubert_tileset    sprite_flaubert_tileset
     00000006  ___bank_sprite_guillaume_tileset   sprite_guillaume_tileset
     00000006  ___bank_sprite_jeanne_tileset      sprite_jeanne_tileset
     00000006  b___HandleCrash_banked             
ASxxxx Linker V03.00/V05.40 + sdld,  page 7.
Hexadecimal  [32-Bits]

Area                                    Addr        Size        Decimal Bytes (Attributes)
--------------------------------        ----        ----        ------- ----- ------------
.  .ABS.                            00000000    00000000 =           0. bytes (ABS,CON)

      Value  Global                              Global Defined In Module
      -----  --------------------------------   ------------------------
     00000006  b_atan2                            math_atan2
     00000006  b_camera_shake_frames              vm_camera
     00000006  b_erase_flash                      
     00000006  b_fade_applypalettechange          fade_manager
     00000006  b_fade_in                          fade_manager
     00000006  b_fade_in_modal                    fade_manager
     00000006  b_fade_init                        fade_manager
     00000006  b_fade_out                         fade_manager
     00000006  b_fade_out_modal                   fade_manager
     00000006  b_fade_setspeed                    fade_manager
     00000006  b_fade_update                      fade_manager
     00000006  b_gbprinter_detect                 gbprinter
     00000006  b_gbprinter_print_overlay          gbprinter
     00000006  b_save_sram_banks                  
     00000006  b_set_sgb_border                   sgb_border
     00000006  b_vm_camera_move_to                vm_camera
     00000006  b_vm_camera_set_pos                vm_camera
     00000006  b_vm_cos_scale                     vm_math
     00000006  b_vm_load_palette                  vm_palette
     00000006  b_vm_music_mute                    vm_music
     00000006  b_vm_music_play                    vm_music
     00000006  b_vm_music_routine                 vm_music
     00000006  b_vm_music_setpos                  vm_music
     00000006  b_vm_music_stop                    vm_music
     00000006  b_vm_sfx_play                      vm_music
     00000006  b_vm_sin_scale                     vm_math
     00000006  b_vm_sio_exchange                  vm_sio
     00000006  b_vm_sio_set_mode                  vm_sio
     00000006  b_vm_sound_mastervol               vm_music
     00000006  l__HEADER8                      
     00000007  ___bank_VM_GBPRINTER               vm_gbprinter
     00000007  ___bank_VM_LOAD_SAVE               vm_load_save
     00000007  ___bank_VM_PROJECTILE              vm_projectiles
     00000007  ___bank_VM_RTC                     vm_rtc
     00000007  ___bank_VM_SCENE                   vm_scene
     00000007  ___bank_actor_10_interact          actor_10_interact
     00000007  ___bank_actor_10_update            actor_10_update
     00000007  ___bank_actor_11_interact          actor_11_interact
     00000007  ___bank_actor_12_interact          actor_12_interact
     00000007  ___bank_actor_1_interact           actor_1_interact
     00000007  ___bank_actor_2_interact           actor_2_interact
     00000007  ___bank_actor_3_interact           actor_3_interact
     00000007  ___bank_actor_5_interact           actor_5_interact
     00000007  ___bank_actor_6_interact           actor_6_interact
     00000007  ___bank_actor_6_update             actor_6_update
     00000007  ___bank_actor_7_interact           actor_7_interact
     00000007  ___bank_actor_8_interact           actor_8_interact
     00000007  ___bank_actor_9_interact           actor_9_interact
     00000007  ___bank_bg_cathedrle               bg_cathedrle
     00000007  ___bank_bg_croiset                 bg_croiset
     00000007  ___bank_bg_end                     bg_end
ASxxxx Linker V03.00/V05.40 + sdld,  page 8.
Hexadecimal  [32-Bits]

Area                                    Addr        Size        Decimal Bytes (Attributes)
--------------------------------        ----        ----        ------- ----- ------------
.  .ABS.                            00000000    00000000 =           0. bytes (ABS,CON)

      Value  Global                              Global Defined In Module
      -----  --------------------------------   ------------------------
     00000007  ___bank_bg_hasting                 bg_hasting
     00000007  ___bank_bg_hasting_tileset         bg_hasting_tileset
     00000007  ___bank_bg_jeanne_darc             bg_jeanne_darc
     00000007  ___bank_bg_logo                    bg_logo
     00000007  ___bank_bg_plancher_des_vaches     bg_plancher_des_vaches
     00000007  ___bank_bg_theatre                 bg_theatre
     00000007  ___bank_bg_titlescreen             bg_titlescreen
     00000007  ___bank_bootstrap_script           
     00000007  ___bank_frame_image                frame_image
     00000007  ___bank_palette_0                  palette_0
     00000007  ___bank_palette_1                  palette_1
     00000007  ___bank_palette_10                 palette_10
     00000007  ___bank_palette_11                 palette_11
     00000007  ___bank_palette_12                 palette_12
     00000007  ___bank_palette_2                  palette_2
     00000007  ___bank_palette_3                  palette_3
     00000007  ___bank_palette_4                  palette_4
     00000007  ___bank_palette_5                  palette_5
     00000007  ___bank_palette_6                  palette_6
     00000007  ___bank_palette_7                  palette_7
     00000007  ___bank_palette_8                  palette_8
     00000007  ___bank_palette_9                  palette_9
     00000007  ___bank_scene_10                   scene_10
     00000007  ___bank_scene_10_init              scene_10_init
     00000007  ___bank_scene_10_triggers          scene_10_triggers
     00000007  ___bank_scene_3                    scene_3
     00000007  ___bank_scene_3_actors             scene_3_actors
     00000007  ___bank_scene_3_init               scene_3_init
     00000007  ___bank_scene_3_triggers           scene_3_triggers
     00000007  ___bank_scene_4                    scene_4
     00000007  ___bank_scene_4_actors             scene_4_actors
     00000007  ___bank_scene_4_init               scene_4_init
     00000007  ___bank_scene_5                    scene_5
     00000007  ___bank_scene_5_actors             scene_5_actors
     00000007  ___bank_scene_5_init               scene_5_init
     00000007  ___bank_scene_5_sprites            scene_5_sprites
     00000007  ___bank_scene_5_triggers           scene_5_triggers
     00000007  ___bank_scene_6                    scene_6
     00000007  ___bank_scene_6_actors             scene_6_actors
     00000007  ___bank_scene_6_init               scene_6_init
     00000007  ___bank_scene_6_sprites            scene_6_sprites
     00000007  ___bank_scene_6_triggers           scene_6_triggers
     00000007  ___bank_scene_7                    scene_7
     00000007  ___bank_scene_7_actors             scene_7_actors
     00000007  ___bank_scene_7_init               scene_7_init
     00000007  ___bank_scene_7_sprites            scene_7_sprites
     00000007  ___bank_scene_8                    scene_8
     00000007  ___bank_scene_8_actors             scene_8_actors
     00000007  ___bank_scene_8_init               scene_8_init
     00000007  ___bank_scene_8_sprites            scene_8_sprites
     00000007  ___bank_scene_9                    scene_9
ASxxxx Linker V03.00/V05.40 + sdld,  page 9.
Hexadecimal  [32-Bits]

Area                                    Addr        Size        Decimal Bytes (Attributes)
--------------------------------        ----        ----        ------- ----- ------------
.  .ABS.                            00000000    00000000 =           0. bytes (ABS,CON)

      Value  Global                              Global Defined In Module
      -----  --------------------------------   ------------------------
     00000007  ___bank_scene_9_actors             scene_9_actors
     00000007  ___bank_scene_9_init               scene_9_init
     00000007  ___bank_scene_9_sprites            scene_9_sprites
     00000007  ___bank_scene_9_triggers           scene_9_triggers
     00000007  ___bank_scene_logo                 scene_logo
     00000007  ___bank_scene_logo_init            scene_logo_init
     00000007  ___bank_scene_title_screen         scene_title_screen
     00000007  ___bank_script_2                   script_2
     00000007  ___bank_sprite_boieldieu           sprite_boieldieu
     00000007  ___bank_sprite_boieldieu_tileset   sprite_boieldieu_tileset
     00000007  ___bank_sprite_explorer            sprite_explorer
     00000007  ___bank_sprite_flaubert            sprite_flaubert
     00000007  ___bank_sprite_guillaume           sprite_guillaume
     00000007  ___bank_sprite_invisible           sprite_invisible
     00000007  ___bank_sprite_jeanne              sprite_jeanne
     00000007  ___bank_sprite_mathilde            sprite_mathilde
     00000007  ___bank_sprite_mathilde_tileset    sprite_mathilde_tileset
     00000007  ___bank_sprite_portal              sprite_portal
     00000007  ___bank_sprite_portal_tileset      sprite_portal_tileset
     00000007  ___bank_sprite_rodrigue            sprite_rodrigue
     00000007  ___bank_sprite_rodrigue_tileset    sprite_rodrigue_tileset
     00000007  ___bank_spritesheet_none           spritesheet_none
     00000007  ___bank_trigger_0_interact         trigger_0_interact
     00000007  ___bank_trigger_10_interact        trigger_10_interact
     00000007  ___bank_trigger_11_interact        trigger_11_interact
     00000007  ___bank_trigger_12_interact        trigger_12_interact
     00000007  ___bank_trigger_13_interact        trigger_13_interact
     00000007  ___bank_trigger_14_interact        trigger_14_interact
     00000007  ___bank_trigger_15_interact        trigger_15_interact
     00000007  ___bank_trigger_16_interact        trigger_16_interact
     00000007  ___bank_trigger_1_interact         trigger_1_interact
     00000007  ___bank_trigger_2_interact         trigger_2_interact
     00000007  ___bank_trigger_3_interact         trigger_3_interact
     00000007  ___bank_trigger_4_interact         trigger_4_interact
     00000007  ___bank_trigger_5_interact         trigger_5_interact
     00000007  ___bank_trigger_6_interact         trigger_6_interact
     00000007  ___bank_trigger_7_interact         trigger_7_interact
     00000007  ___bank_trigger_8_interact         trigger_8_interact
     00000007  ___bank_trigger_9_interact         trigger_9_interact
     00000007  b_CGBZeroPalette                   palette
     00000007  b_SIO_init                         sio
     00000007  b_camera_init                      camera
     00000007  b_camera_reset                     camera
     00000007  b_events_init                      events
     00000007  b_input_init                       input
     00000007  b_logo_init                        logo
     00000007  b_logo_update                      logo
     00000007  b_music_events_poll                music_manager
     00000007  b_music_init_driver                music_manager
     00000007  b_music_init_events                music_manager
     00000007  b_palette_init                     palette
ASxxxx Linker V03.00/V05.40 + sdld,  page 10.
Hexadecimal  [32-Bits]

Area                                    Addr        Size        Decimal Bytes (Attributes)
--------------------------------        ----        ----        ------- ----- ------------
.  .ABS.                            00000000    00000000 =           0. bytes (ABS,CON)

      Value  Global                              Global Defined In Module
      -----  --------------------------------   ------------------------
     00000007  b_parallax_init                    parallax
     00000007  b_remove_LCD_ISRs                  interrupts
     00000007  b_restore_sram                     flasher
     00000007  b_restore_sram_bank                flasher
     00000007  b_save_sram                        flasher
     00000007  b_scroll_rect                      
     00000007  b_timers_init                      events
     00000007  b_vm_print_detect                  vm_gbprinter
     00000007  b_vm_print_overlay                 vm_gbprinter
     00000007  b_vm_projectile_launch             vm_projectiles
     00000007  b_vm_projectile_load_type          vm_projectiles
     00000007  b_vm_rtc_get                       vm_rtc
     00000007  b_vm_rtc_latch                     vm_rtc
     00000007  b_vm_rtc_set                       vm_rtc
     00000007  b_vm_rtc_start                     vm_rtc
     00000007  b_vm_save_clear                    vm_load_save
     00000007  b_vm_save_peek                     vm_load_save
     00000007  b_vm_scene_pop                     vm_scene
     00000007  b_vm_scene_pop_all                 vm_scene
     00000007  b_vm_scene_push                    vm_scene
     00000007  b_vm_scene_stack_reset             vm_scene
     00000007  l__HEADER2                      
     00000008  l__HEADER3                      
     0000001A  l__INITIALIZED                  
     0000001A  l__INITIALIZER                  
     00000027  l__GSINIT                       
     00000030  l__HEADER7                      
     00000060  l__HEADER4                      
     000000AB  l__HEADER11                     
     000001CB  l__CRASH_SCRATCH2               
     00000200  s__CODE                         
     00000ECB  l__CODE                         
     000010CB  s__HOME                         
     00001992  l__DATA                         
     00002000  _rROMB0                            
     00002577  l__CODE_7                       
     00002AA6  l__HOME                         
     00003000  _rROMB1                            
     00003B71  s__BASE                         
     00003B71  s__CODE_0                       
     00003B71  s__INITIALIZER                  
     00003B71  s__LIT                          
     00003B8B  s__GSINIT                       
     00003BB2  s__GSFINAL                      
     00003FFE  l__CODE_2                       
     00003FFF  l__CODE_1                       
     00003FFF  l__CODE_4                       
     00004000  _RTC_SELECT_REG                    vm_rtc
     00004000  _rRAMB                             
     00004000  l__CODE_3                       
     00004000  l__CODE_5                       
ASxxxx Linker V03.00/V05.40 + sdld,  page 11.
Hexadecimal  [32-Bits]

Area                                    Addr        Size        Decimal Bytes (Attributes)
--------------------------------        ----        ----        ------- ----- ------------
.  .ABS.                            00000000    00000000 =           0. bytes (ABS,CON)

      Value  Global                              Global Defined In Module
      -----  --------------------------------   ------------------------
     00004000  l__CODE_6                       
     00006000  _RTC_LATCH_REG                     vm_rtc
     00008000  __VRAM                             
     00008000  __VRAM8000                         
     00008800  __VRAM8800                         
     00009000  __VRAM9000                         
     00009800  __SCRN0                            
     00009C00  __SCRN1                            
     0000A000  _RTC_VALUE_REG                     vm_rtc
     0000A000  __SRAM                             
     0000C000  __RAM                              
     0000C000  _shadow_OAM                     
     0000C0A0  s__DATA                         
     0000D000  __RAMBANK                          
     0000DA32  s__BSS                          
     0000DA32  s__INITIALIZED                  
     0000DA4C  s__HEAP                         
     0000DA4C  s__HEAP_END                     
     0000DF00  .STACK                          
     0000DF00  _shadow_OAM2                       absolute
     0000DFA0  _BkgPalette                        absolute
     0000DFE0  _vwf_tile_data                     absolute
     0000FE00  __OAMRAM                           
     0000FF00  _P1_REG                            
     0000FF00  __IO                               
     0000FF01  _SB_REG                            
     0000FF02  _SC_REG                            
     0000FF04  _DIV_REG                           
     0000FF05  _TIMA_REG                          
     0000FF06  _TMA_REG                           
     0000FF07  _TAC_REG                           
     0000FF0F  _IF_REG                            
     0000FF10  _NR10_REG                          
     0000FF11  _NR11_REG                          
     0000FF12  _NR12_REG                          
     0000FF13  _NR13_REG                          
     0000FF14  _NR14_REG                          
     0000FF16  _NR21_REG                          
     0000FF17  _NR22_REG                          
     0000FF18  _NR23_REG                          
     0000FF19  _NR24_REG                          
     0000FF1A  _NR30_REG                          
     0000FF1B  _NR31_REG                          
     0000FF1C  _NR32_REG                          
     0000FF1D  _NR33_REG                          
     0000FF1E  _NR34_REG                          
     0000FF20  _NR41_REG                          
     0000FF21  _NR42_REG                          
     0000FF22  _NR43_REG                          
     0000FF23  _NR44_REG                          
     0000FF24  _NR50_REG                          
ASxxxx Linker V03.00/V05.40 + sdld,  page 12.
Hexadecimal  [32-Bits]

Area                                    Addr        Size        Decimal Bytes (Attributes)
--------------------------------        ----        ----        ------- ----- ------------
.  .ABS.                            00000000    00000000 =           0. bytes (ABS,CON)

      Value  Global                              Global Defined In Module
      -----  --------------------------------   ------------------------
     0000FF25  _NR51_REG                          
     0000FF26  _NR52_REG                          
     0000FF30  _AUD3WAVE                          
     0000FF30  _PCM_SAMPLE                        
     0000FF30  __AUD3WAVERAM                      
     0000FF40  _LCDC_REG                          
     0000FF41  _STAT_REG                          
     0000FF42  _SCY_REG                           
     0000FF43  _SCX_REG                           
     0000FF44  _LY_REG                            
     0000FF45  _LYC_REG                           
     0000FF46  _DMA_REG                           
     0000FF47  _BGP_REG                           
     0000FF48  _OBP0_REG                          
     0000FF49  _OBP1_REG                          
     0000FF4A  _WY_REG                            
     0000FF4B  _WX_REG                            
     0000FF4D  _KEY1_REG                          
     0000FF4F  _VBK_REG                           
     0000FF51  _HDMA1_REG                         
     0000FF52  _HDMA2_REG                         
     0000FF53  _HDMA3_REG                         
     0000FF54  _HDMA4_REG                         
     0000FF55  _HDMA5_REG                         
     0000FF56  _RP_REG                            
     0000FF68  _BCPS_REG                          
     0000FF69  _BCPD_REG                          
     0000FF6A  _OCPS_REG                          
     0000FF6B  _OCPD_REG                          
     0000FF70  _SVBK_REG                          
     0000FF76  _PCM12_REG                         
     0000FF77  _PCM34_REG                         
     0000FF80  .refresh_OAM                    
     0000FF80  __HRAM                             
     0000FFFF  _IE_REG                            
     00014000  s__CODE_1                       
     00024000  s__CODE_2                       
     00034000  s__CODE_3                       
     00044000  s__CODE_4                       
     00054000  s__CODE_5                       
     00064000  s__CODE_6                       
     00074000  s__CODE_7                       

ASxxxx Linker V03.00/V05.40 + sdld,  page 13.
Hexadecimal  [32-Bits]

Area                                    Addr        Size        Decimal Bytes (Attributes)
--------------------------------        ----        ----        ------- ----- ------------
_CODE                               00000200    00000ECB =        3787. bytes (REL,CON)

      Value  Global                              Global Defined In Module
      -----  --------------------------------   ------------------------
     00000200  ___HandleCrash                     
     0000020A  _SIO_send_byte                     
     0000021D  _SIO_receive                       
     0000022E  _GetWinAddr                        
     00000236  _GetBkgAddr                        
     00000244  _state_init                        
     00000249  _state_update                      
     0000026B  _ui_time_masks                     
     00000273  _ui_print_shift_char               
     000002F6  _ui_draw_frame_row                 
     000002FF  .ui_draw_frame_row                 
     00000328  _script_cmds                       vm_instructions
     00000560  _save_signature                    game_signature
     00000564  _start_scene_x                     
     00000566  _start_scene_y                     
     00000568  _start_scene_dir                   
     00000569  _start_scene                       
     0000056C  _start_player_move_speed           
     0000056D  _start_player_anim_tick            
     0000056E  _ui_fonts                          
     00000571  _core_reset_hook                   main
     00000579  _main                              main
     00000581  _state_start_fns                   
     00000593  _state_update_fns                  
     000005A5  _hUGE_init                         hUGEDriver_obj
     000005A7  hUGE_init                          hUGEDriver_obj
     000005FD  _hUGE_mute_channel                 hUGEDriver_obj
     000005FF  hUGE_mute_channel                  hUGEDriver_obj
     0000084D  _hUGE_set_position                 hUGEDriver_obj
     0000084F  hUGE_set_position                  hUGEDriver_obj
     00000A14  _hUGE_dosound                      hUGEDriver_obj
     00000A14  hUGE_dosound                       hUGEDriver_obj
     00000D40  _get_vram_byte                     
     00000D48  _get_win_tile_xy                   
     00000D50  _get_bkg_tile_xy                   
     00000D77  _set_sprite_palette                CGB
     00000D7C  _set_bkg_palette                   CGB
     00000D7F  .set_palette                       CGB
     00000D9E  _set_sprite_palette_entry          CGB
     00000DA3  _set_bkg_palette_entry             CGB
     00000DA6  .set_palette_entry                 CGB
     00000DC2  _hide_sprites_range                Metasprites
     00000DF1  __mulsuchar                        mul
     00000DF4  __muluschar                        mul
     00000DFD  __mulschar                         mul
     00000E05  __mulint                           mul
     00000E24  __muluchar                         mul
     00000E36  _set_vram_byte                     
     00000E3F  _set_win_tile_xy                   
     00000E47  _set_bkg_tile_xy                   
ASxxxx Linker V03.00/V05.40 + sdld,  page 14.
Hexadecimal  [32-Bits]

Area                                    Addr        Size        Decimal Bytes (Attributes)
--------------------------------        ----        ----        ------- ----- ------------
_CODE                               00000200    00000ECB =        3787. bytes (REL,CON)

      Value  Global                              Global Defined In Module
      -----  --------------------------------   ------------------------
     00000E71  .sgb_check                         
     00000E71  _sgb_check                         
     00000EB9  _sgb_transfer                      
     00000EBE  .sgb_transfer                      
     00000EFF  .copy_vram                         
     00000F05  _get_data                          
     00000F05  _set_data                          
     00000F05  _vmemcpy                           
     00000F53  ___move_metasprite                 Metasprites
     00000F90  ___memcpy                          
     00000F90  _memcpy                            
     00000FC2  _cpu_slow                          CGB
     00000FDD  _cpu_fast                          CGB
     00000FE4  __divsuchar                        divmod
     00000FEA  __modsuchar                        divmod
     00000FF3  __divuschar                        divmod
     00000FFC  __moduschar                        divmod
     00001008  __divschar                         divmod
     0000100D  __modschar                         divmod
     00001014  __divsint                          divmod
     0000101D  __modsint                          divmod
     00001029  __divuchar                         divmod
     0000102E  __moduchar                         divmod
     00001035  __divuint                          divmod
     0000103E  __moduint                          divmod
     0000104A  .div8                              divmod
     0000104A  .mod8                              divmod
     00001052  .div16                             divmod
     00001052  .mod16                             divmod
     00001088  .divu8                             divmod
     00001088  .modu8                             divmod
     0000108B  .divu16                            divmod
     0000108B  .modu16                            divmod

ASxxxx Linker V03.00/V05.40 + sdld,  page 15.
Hexadecimal  [32-Bits]

Area                                    Addr        Size        Decimal Bytes (Attributes)
--------------------------------        ----        ----        ------- ----- ------------
_HEADER0                            00000000    00000001 =           1. bytes (ABS,CON)

      Value  Global                              Global Defined In Module
      -----  --------------------------------   ------------------------
     00000020  .call_hl                           Runtime

ASxxxx Linker V03.00/V05.40 + sdld,  page 16.
Hexadecimal  [32-Bits]

Area                                    Addr        Size        Decimal Bytes (Attributes)
--------------------------------        ----        ----        ------- ----- ------------
_HEADER1                            00000000    00000005 =           5. bytes (ABS,CON)

      Value  Global                              Global Defined In Module
      -----  --------------------------------   ------------------------
     00000028  .MemsetSmall                       Runtime

ASxxxx Linker V03.00/V05.40 + sdld,  page 17.
Hexadecimal  [32-Bits]

Area                                    Addr        Size        Decimal Bytes (Attributes)
--------------------------------        ----        ----        ------- ----- ------------
_HEADER2                            00000000    00000007 =           7. bytes (ABS,CON)

      Value  Global                              Global Defined In Module
      -----  --------------------------------   ------------------------
     00000030  .MemcpySmall                       Runtime

ASxxxx Linker V03.00/V05.40 + sdld,  page 18.
Hexadecimal  [32-Bits]

Area                                    Addr        Size        Decimal Bytes (Attributes)
--------------------------------        ----        ----        ------- ----- ------------
_HEADER3                            00000000    00000008 =           8. bytes (ABS,CON)

      Value  Global                              Global Defined In Module
      -----  --------------------------------   ------------------------
ASxxxx Linker V03.00/V05.40 + sdld,  page 19.
Hexadecimal  [32-Bits]

Area                                    Addr        Size        Decimal Bytes (Attributes)
--------------------------------        ----        ----        ------- ----- ------------
_HEADER4                            00000000    00000060 =          96. bytes (ABS,CON)

      Value  Global                              Global Defined In Module
      -----  --------------------------------   ------------------------
     00000080  .int                               Runtime
     0000008F  _wait_int_handler                  Runtime
     0000009C  __standard_VBL_handler             Runtime
     000000AB  _refresh_OAM                       Runtime
     000000CC  _set_interrupts                    Runtime

ASxxxx Linker V03.00/V05.40 + sdld,  page 20.
Hexadecimal  [32-Bits]

Area                                    Addr        Size        Decimal Bytes (Attributes)
--------------------------------        ----        ----        ------- ----- ------------
_HEADER5                            00000000    00000001 =           1. bytes (ABS,CON)

      Value  Global                              Global Defined In Module
      -----  --------------------------------   ------------------------
ASxxxx Linker V03.00/V05.40 + sdld,  page 21.
Hexadecimal  [32-Bits]

Area                                    Addr        Size        Decimal Bytes (Attributes)
--------------------------------        ----        ----        ------- ----- ------------
_HEADER6                            00000000    00000002 =           2. bytes (ABS,CON)

      Value  Global                              Global Defined In Module
      -----  --------------------------------   ------------------------
ASxxxx Linker V03.00/V05.40 + sdld,  page 22.
Hexadecimal  [32-Bits]

Area                                    Addr        Size        Decimal Bytes (Attributes)
--------------------------------        ----        ----        ------- ----- ------------
_HEADER7                            00000000    00000030 =          48. bytes (ABS,CON)

      Value  Global                              Global Defined In Module
      -----  --------------------------------   ------------------------
ASxxxx Linker V03.00/V05.40 + sdld,  page 23.
Hexadecimal  [32-Bits]

Area                                    Addr        Size        Decimal Bytes (Attributes)
--------------------------------        ----        ----        ------- ----- ------------
_HEADER8                            00000000    00000006 =           6. bytes (ABS,CON)

      Value  Global                              Global Defined In Module
      -----  --------------------------------   ------------------------
ASxxxx Linker V03.00/V05.40 + sdld,  page 24.
Hexadecimal  [32-Bits]

Area                                    Addr        Size        Decimal Bytes (Attributes)
--------------------------------        ----        ----        ------- ----- ------------
_HEADER9                            00000000    00000003 =           3. bytes (ABS,CON)

      Value  Global                              Global Defined In Module
      -----  --------------------------------   ------------------------
ASxxxx Linker V03.00/V05.40 + sdld,  page 25.
Hexadecimal  [32-Bits]

Area                                    Addr        Size        Decimal Bytes (Attributes)
--------------------------------        ----        ----        ------- ----- ------------
_HEADERa                            00000000    00000001 =           1. bytes (ABS,CON)

      Value  Global                              Global Defined In Module
      -----  --------------------------------   ------------------------
ASxxxx Linker V03.00/V05.40 + sdld,  page 26.
Hexadecimal  [32-Bits]

Area                                    Addr        Size        Decimal Bytes (Attributes)
--------------------------------        ----        ----        ------- ----- ------------
_HEADERb                            00000000    00000001 =           1. bytes (ABS,CON)

      Value  Global                              Global Defined In Module
      -----  --------------------------------   ------------------------
ASxxxx Linker V03.00/V05.40 + sdld,  page 27.
Hexadecimal  [32-Bits]

Area                                    Addr        Size        Decimal Bytes (Attributes)
--------------------------------        ----        ----        ------- ----- ------------
_HEADERc                            00000000    00000001 =           1. bytes (ABS,CON)

      Value  Global                              Global Defined In Module
      -----  --------------------------------   ------------------------
ASxxxx Linker V03.00/V05.40 + sdld,  page 28.
Hexadecimal  [32-Bits]

Area                                    Addr        Size        Decimal Bytes (Attributes)
--------------------------------        ----        ----        ------- ----- ------------
_HEADERd                            00000000    00000002 =           2. bytes (ABS,CON)

      Value  Global                              Global Defined In Module
      -----  --------------------------------   ------------------------
ASxxxx Linker V03.00/V05.40 + sdld,  page 29.
Hexadecimal  [32-Bits]

Area                                    Addr        Size        Decimal Bytes (Attributes)
--------------------------------        ----        ----        ------- ----- ------------
_HEADERe                            00000000    00000001 =           1. bytes (ABS,CON)

      Value  Global                              Global Defined In Module
      -----  --------------------------------   ------------------------
ASxxxx Linker V03.00/V05.40 + sdld,  page 30.
Hexadecimal  [32-Bits]

Area                                    Addr        Size        Decimal Bytes (Attributes)
--------------------------------        ----        ----        ------- ----- ------------
_HEADERf                            00000000    00000001 =           1. bytes (ABS,CON)

      Value  Global                              Global Defined In Module
      -----  --------------------------------   ------------------------
ASxxxx Linker V03.00/V05.40 + sdld,  page 31.
Hexadecimal  [32-Bits]

Area                                    Addr        Size        Decimal Bytes (Attributes)
--------------------------------        ----        ----        ------- ----- ------------
_HEADER10                           00000000    00000002 =           2. bytes (ABS,CON)

      Value  Global                              Global Defined In Module
      -----  --------------------------------   ------------------------
ASxxxx Linker V03.00/V05.40 + sdld,  page 32.
Hexadecimal  [32-Bits]

Area                                    Addr        Size        Decimal Bytes (Attributes)
--------------------------------        ----        ----        ------- ----- ------------
_HEADER11                           00000000    000000AB =         171. bytes (ABS,CON)

      Value  Global                              Global Defined In Module
      -----  --------------------------------   ------------------------
     00000150  .reset                             Runtime
     00000150  _reset                             Runtime
     00000157  .code_start                        Runtime
     000001B9  _exit                              Runtime
     000001BD  .wait_vbl_done                     Runtime
     000001BD  _vsync                             Runtime
     000001BD  _wait_vbl_done                     Runtime
     000001CD  .remove_VBL                        Runtime
     000001CD  _remove_VBL                        Runtime
     000001D0  .remove_int                        Runtime
     000001ED  .add_VBL                           Runtime
     000001ED  _add_VBL                           Runtime
     000001F0  .add_int                           Runtime

ASxxxx Linker V03.00/V05.40 + sdld,  page 33.
Hexadecimal  [32-Bits]

Area                                    Addr        Size        Decimal Bytes (Attributes)
--------------------------------        ----        ----        ------- ----- ------------
_HOME                               000010CB    00002AA6 =       10918. bytes (REL,CON)

      Value  Global                              Global Defined In Module
      -----  --------------------------------   ------------------------
     000010CB  .memset_simple                     Runtime
     000010D4  .memcpy_simple                     Runtime
     000010F1  .display_off                       Runtime
     000010F1  _display_off                       Runtime
     00001109  _actors_update                     actor
     00001508  _SetBankedBkgData                  bankdata
     00001524  _SetBankedSpriteData               bankdata
     00001540  _SetBankedBkgTiles                 bankdata
     0000155C  _SetBankedWinTiles                 bankdata
     00001578  _ReadBankedFarPtr                  bankdata
     0000159A  _ReadBankedUWORD                   bankdata
     000015B4  _MemcpyBanked                      bankdata
     000015D6  _MemcpyVRAMBanked                  bankdata
     00001605  _IndexOfFarPtr                     bankdata
     0000168A  _camera_update                     camera
     000017BD  _load_animations                   data_manager
     00001816  _events_update                     events
     000018E9  _timers_update                     events
     00001972  _input_update                      input
     00001995  .sio_ISR                           
     000019EF  .timer_ISR                         
     00001A04  _simple_LCD_isr                    interrupts
     00001A83  _fullscreen_LCD_isr                interrupts
     00001AAF  _VBL_isr                           interrupts
     00001AF9  _isqrt                             math
     00001B56  _sine_wave                         math
     00001C56  _dir_lookup                        math
     00001C5E  _dir_angle_lookup                  math
     00001C62  _hUGETrackerRoutine                music_manager
     00001C89  _music_events_update               music_manager
     00001D0B  _music_play_isr                    music_manager
     00001DAC  _parallax_LCD_isr                  parallax
     00001DE9  _projectiles_update                projectiles
     0000226A  _projectiles_render                projectiles
     000023BF  _scroll_load_pending_row           scroll
     00002445  _scroll_load_row                   scroll
     000024BA  _scroll_load_col                   scroll
     00002523  _scroll_load_pending_col           scroll
     000025AB  _set_bkg_submap                    
     000025EE  _set_xy_win_submap                 
     0000261B  .set_xy_win_submap                 
     00002624  .set_xy_bkg_submap                 
     00002633  .set_xy_submap                     
     0000267D  _sfx_play_isr                      sfx_player
     00002756  _on_SIO_receive                    sio
     00002795  _SIO_update                        sio
     000027F9  _ui_update                         ui
     00002931  _vm_sgb_transfer                   vm_sgb
     0000297E  _vm_load_text                      vm_ui
     00002BD4  _vm_switch                         vm
ASxxxx Linker V03.00/V05.40 + sdld,  page 34.
Hexadecimal  [32-Bits]

Area                                    Addr        Size        Decimal Bytes (Attributes)
--------------------------------        ----        ----        ------- ----- ------------
_HOME                               000010CB    00002AA6 =       10918. bytes (REL,CON)

      Value  Global                              Global Defined In Module
      -----  --------------------------------   ------------------------
     00002D05  _vm_beginthread                    vm
     00002E29  _vm_rpn                            vm
     00003602  _vm_get_far                        vm
     00003670  _vm_call_native                    vm
     00003683  _VM_STEP                           vm
     000036ED  _script_runner_update              vm
     00003852  _fill_win_rect                     
     00003864  _rand                              
     00003864  _randw                             
     0000388F  _initrand                          
     00003891  .initrand                          
     0000389A  _get_bkg_data                      
     0000389A  _get_win_data                      
     000038E7  _get_sprite_data                   
     0000391A  _abs                               abs
     00003929  _set_win_tiles                     
     0000393D  _set_tile_data                     
     00003942  _set_bkg_data                      
     00003942  _set_win_data                      
     0000394A  _set_sprite_data                   
     0000397A  _reverse                           reverse
     000039AE  ___call__banked                    far_ptr
     000039CB  _to_far_ptr                        far_ptr
     00003A01  .add_LCD                           
     00003A01  _add_LCD                           
     00003A07  .remove_LCD                        
     00003A07  _remove_LCD                        
     00003A0D  .fill_rect_wtt                     
     00003A16  .fill_rect_btt                     
     00003A63  _fill_bkg_rect                     
     00003A75  .padup                             
     00003A75  _waitpadup                         
     00003A85  .jpad                              
     00003A85  _joypad                            
     00003AAD  _waitpad                           
     00003AAE  .wait_pad                          
     00003AB5  ___sdcc_call_hl                    call_hl
     00003AB6  _memset                            memset
     00003AE9  .set_xy_wtt                        SetTileMap
     00003AF2  .set_xy_btt                        SetTileMap
     00003B01  .set_xy_tt                         SetTileMap
     00003B43  ___sdcc_bcall_ehl                  
     00003B5D  _set_bkg_tiles                     
ASxxxx Linker V03.00/V05.40 + sdld,  page 35.
Hexadecimal  [32-Bits]

Area                                    Addr        Size        Decimal Bytes (Attributes)
--------------------------------        ----        ----        ------- ----- ------------
_INITIALIZER                        00003B71    0000001A =          26. bytes (REL,CON)

      Value  Global                              Global Defined In Module
      -----  --------------------------------   ------------------------
ASxxxx Linker V03.00/V05.40 + sdld,  page 36.
Hexadecimal  [32-Bits]

Area                                    Addr        Size        Decimal Bytes (Attributes)
--------------------------------        ----        ----        ------- ----- ------------
_GSINIT                             00003B8B    00000027 =          39. bytes (REL,CON)

      Value  Global                              Global Defined In Module
      -----  --------------------------------   ------------------------
     00003B8B  gsinit                             Runtime

ASxxxx Linker V03.00/V05.40 + sdld,  page 37.
Hexadecimal  [32-Bits]

Area                                    Addr        Size        Decimal Bytes (Attributes)
--------------------------------        ----        ----        ------- ----- ------------
_GSFINAL                            00003BB2    00000001 =           1. bytes (REL,CON)

      Value  Global                              Global Defined In Module
      -----  --------------------------------   ------------------------
ASxxxx Linker V03.00/V05.40 + sdld,  page 38.
Hexadecimal  [32-Bits]

Area                                    Addr        Size        Decimal Bytes (Attributes)
--------------------------------        ----        ----        ------- ----- ------------
_DATA                               0000C0A0    00001992 =        6546. bytes (REL,CON)

      Value  Global                              Global Defined In Module
      -----  --------------------------------   ------------------------
     0000C0A0  __cpu                              Runtime
     0000C0A1  __is_GBA                           Runtime
     0000C0A2  .mode                              Runtime
     0000C0A3  .sys_time                          Runtime
     0000C0A3  _sys_time                          Runtime
     0000C0A5  .int_0x40                          Runtime
     0000C0B1  _actors                            actor
     0000C4F5  _actors_active_head                actor
     0000C4F7  _actors_active_tail                actor
     0000C4F9  _actors_inactive_head              actor
     0000C4FB  _screen_x                          actor
     0000C4FC  _screen_y                          actor
     0000C4FD  _invalid                           actor
     0000C4FF  _player_moving                     actor
     0000C500  _player_iframes                    actor
     0000C501  _player_collision_actor            actor
     0000C503  _emote_actor                       actor
     0000C505  _emote_timer                       actor
     0000C506  _allocated_sprite_tiles            actor
     0000C507  _allocated_hardware_sprites        actor
     0000C513  _camera_x                          camera
     0000C515  _camera_y                          camera
     0000C517  _camera_offset_x                   camera
     0000C518  _camera_offset_y                   camera
     0000C519  _camera_deadzone_x                 camera
     0000C51A  _camera_deadzone_y                 camera
     0000C51B  _camera_settings                   camera
     0000C51F  _current_scene                     data_manager
     0000C522  _image_bank                        data_manager
     0000C523  _image_ptr                         data_manager
     0000C525  _image_attr_bank                   data_manager
     0000C526  _image_attr_ptr                    data_manager
     0000C528  _collision_bank                    data_manager
     0000C529  _collision_ptr                     data_manager
     0000C52B  _image_tile_width                  data_manager
     0000C52C  _image_tile_height                 data_manager
     0000C52D  _image_width                       data_manager
     0000C52F  _image_height                      data_manager
     0000C531  _sprites_len                       data_manager
     0000C532  _actors_len                        data_manager
     0000C533  _projectiles_len                   data_manager
     0000C534  _player_sprite_len                 data_manager
     0000C535  _scene_type                        data_manager
     0000C536  _scene_LCD_type                    data_manager
     0000C537  _scene_stack                       data_manager
     0000C577  _scene_stack_ptr                   data_manager
     0000C579  _scene_sprites_base_tiles          data_manager
     0000C5B9  _input_events                      events
     0000C5E1  _input_slots                       events
     0000C5E9  _timer_events                      events
ASxxxx Linker V03.00/V05.40 + sdld,  page 39.
Hexadecimal  [32-Bits]

Area                                    Addr        Size        Decimal Bytes (Attributes)
--------------------------------        ----        ----        ------- ----- ------------
_DATA                               0000C0A0    00001992 =        6546. bytes (REL,CON)

      Value  Global                              Global Defined In Module
      -----  --------------------------------   ------------------------
     0000C5FD  _timer_values                      events
     0000C605  _fade_running                      fade_manager
     0000C606  _fade_frames_per_step              fade_manager
     0000C607  _fade_timer                        fade_manager
     0000C60F  _joypads                           input
     0000C614  _frame_joy                         input
     0000C615  _last_joy                          input
     0000C616  _recent_joy                        input
     0000C617  _SIO_status                        
     0000C618  _link_byte_sent                    
     0000C619  _link_next_mode                    
     0000C61A  _save_blob_size                    load_save
     0000C61C  _routine_queue                     music_manager
     0000C620  _routine_queue_head                music_manager
     0000C621  _routine_queue_tail                music_manager
     0000C622  _music_events                      music_manager
     0000C636  _music_current_track_bank          music_manager
     0000C637  _music_mute_mask                   music_manager
     0000C638  _music_effective_mute              music_manager
     0000C639  _music_next_track                  music_manager
     0000C63B  _music_current_track               music_manager
     0000C63D  _music_play_isr_counter            music_manager
     0000C63E  _music_play_isr_pause              music_manager
     0000C63F  _music_global_mute_mask            music_manager
     0000C640  _music_sfx_priority                music_manager
     0000C641  _DMG_palette                       palette
     0000C644  _SprPalette                        palette
     0000C684  _parallax_rows                     parallax
     0000C696  _parallax_row                      parallax
     0000C698  _projectiles                       projectiles
     0000C751  _projectile_defs                   projectiles
     0000C7C4  _projectiles_active_head           projectiles
     0000C7C6  _projectiles_inactive_head         projectiles
     0000C7CD  _scroll_x                          scroll
     0000C7CF  _scroll_y                          scroll
     0000C7D1  _draw_scroll_x                     scroll
     0000C7D3  _draw_scroll_y                     scroll
     0000C7D5  _scroll_x_max                      scroll
     0000C7D7  _scroll_y_max                      scroll
     0000C7D9  _scroll_offset_x                   scroll
     0000C7DA  _scroll_offset_y                   scroll
     0000C7DB  _pending_h_x                       scroll
     0000C7DC  _pending_h_y                       scroll
     0000C7DD  _pending_h_i                       scroll
     0000C7DE  _pending_w_x                       scroll
     0000C7DF  _pending_w_y                       scroll
     0000C7E0  _pending_w_i                       scroll
     0000C7E1  _current_row                       scroll
     0000C7E3  _new_row                           scroll
     0000C7E5  _current_col                       scroll
     0000C7E7  _new_col                           scroll
ASxxxx Linker V03.00/V05.40 + sdld,  page 40.
Hexadecimal  [32-Bits]

Area                                    Addr        Size        Decimal Bytes (Attributes)
--------------------------------        ----        ----        ------- ----- ------------
_DATA                               0000C0A0    00001992 =        6546. bytes (REL,CON)

      Value  Global                              Global Defined In Module
      -----  --------------------------------   ------------------------
     0000C7E9  .image_tile_width                  
     0000C7EA  _sfx_play_bank                     sfx_player
     0000C7EB  _sfx_play_sample                   sfx_player
     0000C7ED  _sfx_frame_skip                    sfx_player
     0000C7EE  _link_operation_mode               sio
     0000C7EF  _link_packet                       sio
     0000C80F  _link_packet_len                   sio
     0000C810  _link_packet_ptr                   sio
     0000C812  _link_packet_received              sio
     0000C813  _link_packet_snd_len               sio
     0000C814  _link_packet_snd_ptr               sio
     0000C816  _link_packet_sent                  sio
     0000C817  __is_CGB                           system
     0000C818  __is_SGB                           system
     0000C819  __current_ram_bank                 system
     0000C81A  _triggers                          trigger
     0000C912  _last_trigger_tx                   trigger
     0000C913  _last_trigger_ty                   trigger
     0000C914  _last_trigger                      trigger
     0000C915  _win_pos_x                         ui
     0000C916  _win_dest_pos_x                    ui
     0000C917  _win_pos_y                         ui
     0000C918  _win_dest_pos_y                    ui
     0000C919  _win_speed                         ui
     0000C91A  _text_drawn                        ui
     0000C91B  _current_text_speed                ui
     0000C91C  _text_wait                         ui
     0000C91D  _text_options                      ui
     0000C91E  _text_in_speed                     ui
     0000C91F  _text_out_speed                    ui
     0000C920  _text_draw_speed                   ui
     0000C921  _text_ff_joypad                    ui
     0000C922  _text_ff                           ui
     0000C923  _text_bkg_fill                     ui
     0000C924  _ui_text_data                      ui
     0000CA2E  _vwf_current_mask                  ui
     0000CA2F  _vwf_current_rotate                ui
     0000CA30  _vwf_inverse_map                   ui
     0000CA31  _vwf_direction                     ui
     0000CA32  _vwf_current_font_desc             ui
     0000CA3A  _vwf_current_font_bank             ui
     0000CA3B  _vwf_current_font_idx              ui
     0000CA3C  _text_render_base_addr             ui
     0000CA3E  _text_scroll_addr                  ui
     0000CA40  _text_scroll_width                 ui
     0000CA41  _text_scroll_height                ui
     0000CA42  _text_scroll_fill                  ui
     0000CA43  _text_sound_mask                   ui
     0000CA44  _text_sound_bank                   ui
     0000CA45  _text_sound_data                   ui
     0000CA47  _overlay_priority                  ui
ASxxxx Linker V03.00/V05.40 + sdld,  page 41.
Hexadecimal  [32-Bits]

Area                                    Addr        Size        Decimal Bytes (Attributes)
--------------------------------        ----        ----        ------- ----- ------------
_DATA                               0000C0A0    00001992 =        6546. bytes (REL,CON)

      Value  Global                              Global Defined In Module
      -----  --------------------------------   ------------------------
     0000CA48  _text_palette                      ui
     0000CA4F  __itoa_fmt_len                     vm_ui_a
     0000CA50  .itoa_fmt_buf                      vm_ui_a
     0000CA53  _CTXS                              vm
     0000CB83  _first_ctx                         vm
     0000CB85  _free_ctxs                         vm
     0000CB87  _old_executing_ctx                 vm
     0000CB89  _executing_ctx                     vm
     0000CB8B  _vm_lock_state                     vm
     0000CB8C  _vm_loaded_state                   vm
     0000CB8D  _vm_exception_code                 vm
     0000CB8E  _vm_exception_params_length        vm
     0000CB8F  _vm_exception_params_bank          vm
     0000CB90  _vm_exception_params_offset        vm
     0000CB93  _script_memory                     vm
     0000D999  _grounded                          platform
     0000D99A  _on_slope                          platform
     0000D99B  _slope_y                           platform
     0000D99C  _on_ladder                         platform
     0000D99D  _pl_vel_x                          platform
     0000D99F  _pl_vel_y                          platform
     0000D9A1  _plat_min_vel                      platform
     0000D9A3  _plat_walk_vel                     platform
     0000D9A5  _plat_climb_vel                    platform
     0000D9A7  _plat_run_vel                      platform
     0000D9A9  _plat_walk_acc                     platform
     0000D9AB  _plat_run_acc                      platform
     0000D9AD  _plat_dec                          platform
     0000D9AF  _plat_jump_vel                     platform
     0000D9B1  _plat_grav                         platform
     0000D9B3  _plat_hold_grav                    platform
     0000D9B5  _plat_max_fall_vel                 platform
     0000D9B7  _shooter_reached_end               shmup
     0000D9B8  _shooter_dest                      shmup
     0000D9BA  _shooter_direction                 shmup
     0000D9BB  _topdown_grid                      topdown
     0000D9BC  ___rand_seed                       
     0000D9DA  _hUGE_current_wave                 hUGEDriver_obj
     0000D9DA  hUGE_current_wave                  hUGEDriver_obj
     0000D9DB  _hUGE_mute_mask                    hUGEDriver_obj
     0000DA22  ___call_banked_addr                far_ptr
     0000DA22  ___call_banked_ptr                 far_ptr
     0000DA24  ___call_banked_bank                far_ptr
     0000DA26  .int_0x48                          
     0000DA2E  ___current_metasprite              Metasprites
     0000DA30  ___current_base_tile               Metasprites
     0000DA31  ___current_base_prop               Metasprites

ASxxxx Linker V03.00/V05.40 + sdld,  page 42.
Hexadecimal  [32-Bits]

Area                                    Addr        Size        Decimal Bytes (Attributes)
--------------------------------        ----        ----        ------- ----- ------------
_INITIALIZED                        0000DA32    0000001A =          26. bytes (REL,CON)

      Value  Global                              Global Defined In Module
      -----  --------------------------------   ------------------------
     0000DA32  _fade_style                        fade_manager
     0000DA33  _game_time                         game_time
     0000DA34  _PRN_PKT_START                     gbprinter
     0000DA42  _hide_sprites                      interrupts
     0000DA43  _show_actors_on_overlay            interrupts
     0000DA44  _overlay_cut_scanline              interrupts
     0000DA45  __submap_tile_offset               
     0000DA46  _triggers_len                      trigger
     0000DA47  _exchange_state                    vm_sio
     0000DA48  _last_hit_trigger                  pointnclick
     0000DA49  _shooter_scroll_speed              shmup
     0000DA4A  ___render_shadow_OAM               Metasprites
     0000DA4B  __map_tile_offset                  SetTileMap

ASxxxx Linker V03.00/V05.40 + sdld,  page 43.
Hexadecimal  [32-Bits]

Area                                    Addr        Size        Decimal Bytes (Attributes)
--------------------------------        ----        ----        ------- ----- ------------
_HRAM12                             00000000    00000003 =           3. bytes (ABS,CON)

      Value  Global                              Global Defined In Module
      -----  --------------------------------   ------------------------
     0000FF90  __current_bank                     Runtime
     0000FF92  __shadow_OAM_base                  Runtime

ASxxxx Linker V03.00/V05.40 + sdld,  page 44.
Hexadecimal  [32-Bits]

Area                                    Addr        Size        Decimal Bytes (Attributes)
--------------------------------        ----        ----        ------- ----- ------------
_CODE_2                             00024000    00003FFE =       16382. bytes (REL,CON)

      Value  Global                              Global Defined In Module
      -----  --------------------------------   ------------------------
     00024000  ___func_ACTOR                      actor
     00024000  _actors_init                       actor
     0002403A  _emote_offsets                     actor
     00024049  _emote_metasprite                  actor
     00024055  _player_init                       actor
     0002406A  _deactivate_actor                  actor
     000241CB  _activate_actor                    actor
     0002430A  _activate_actors_in_row            actor
     00024401  _activate_actors_in_col            actor
     00024552  _actor_set_frames                  actor
[...]
C:/Users/socia/AppData/Local/Temp/_gbsbuild/obj/bg_plancher_des_vaches_tileset.rel
                                          [ bg_plancher_des_vaches_tileset ]
C:/Users/socia/AppData/Local/Temp/_gbsbuild/obj/bg_plancher_des_vaches.rel
                                          [ bg_plancher_des_vaches ]
C:/Users/socia/AppData/Local/Temp/_gbsbuild/obj/bg_theatre_tilemap_attr.rel
                                          [ bg_theatre_tilemap_attr ]
C:/Users/socia/AppData/Local/Temp/_gbsbuild/obj/bg_theatre_tilemap.rel
                                          [ bg_theatre_tilemap ]
C:/Users/socia/AppData/Local/Temp/_gbsbuild/obj/bg_theatre_tileset.rel
                                          [ bg_theatre_tileset ]
C:/Users/socia/AppData/Local/Temp/_gbsbuild/obj/bg_theatre.rel
                                          [ bg_theatre ]
C:/Users/socia/AppData/Local/Temp/_gbsbuild/obj/bg_titlescreen_tilemap.rel
                                          [ bg_titlescreen_tilemap ]
C:/Users/socia/AppData/Local/Temp/_gbsbuild/obj/bg_titlescreen_tileset.rel
                                          [ bg_titlescreen_tileset ]
C:/Users/socia/AppData/Local/Temp/_gbsbuild/obj/bg_titlescreen.rel
                                          [ bg_titlescreen ]
C:/Users/socia/AppData/Local/Temp/_gbsbuild/obj/cursor_image.rel
                                          [ cursor_image ]
C:/Users/socia/AppData/Local/Temp/_gbsbuild/obj/font_gbs_variable_width.rel
                                          [ font_gbs_variable_width ]
C:/Users/socia/AppData/Local/Temp/_gbsbuild/obj/frame_image.rel
                                          [ frame_image ]
C:/Users/socia/AppData/Local/Temp/_gbsbuild/obj/game_signature.rel
                                          [ game_signature ]
C:/Users/socia/AppData/Local/Temp/_gbsbuild/obj/song_song_template_1_Data.rel
                                          [ song_song_template_1_Data ]
C:/Users/socia/AppData/Local/Temp/_gbsbuild/obj/song_song_template_Data.rel
                                          [ song_song_template_Data ]
C:/Users/socia/AppData/Local/Temp/_gbsbuild/obj/palette_0.rel
                                          [ palette_0 ]
C:/Users/socia/AppData/Local/Temp/_gbsbuild/obj/palette_1.rel
                                          [ palette_1 ]
C:/Users/socia/AppData/Local/Temp/_gbsbuild/obj/palette_10.rel
                                          [ palette_10 ]
C:/Users/socia/AppData/Local/Temp/_gbsbuild/obj/palette_11.rel
                                          [ palette_11 ]
C:/Users/socia/AppData/Local/Temp/_gbsbuild/obj/palette_12.rel
                                          [ palette_12 ]
C:/Users/socia/AppData/Local/Temp/_gbsbuild/obj/palette_2.rel
                                          [ palette_2 ]
C:/Users/socia/AppData/Local/Temp/_gbsbuild/obj/palette_3.rel
                                          [ palette_3 ]
C:/Users/socia/AppData/Local/Temp/_gbsbuild/obj/palette_4.rel
                                          [ palette_4 ]
C:/Users/socia/AppData/Local/Temp/_gbsbuild/obj/palette_5.rel
                                          [ palette_5 ]
C:/Users/socia/AppData/Local/Temp/_gbsbuild/obj/palette_6.rel
                                          [ palette_6 ]
C:/Users/socia/AppData/Local/Temp/_gbsbuild/obj/palette_7.rel
                                          [ palette_7 ]
C:/Users/socia/AppData/Local/Temp/_gbsbuild/obj/palette_8.rel
                                          [ palette_8 ]
C:/Users/socia/AppData/Local/Temp/_gbsbuild/obj/palette_9.rel
                                          [ palette_9 ]
C:/Users/socia/AppData/Local/Temp/_gbsbuild/obj/scene_10_collisions.rel
                                          [ scene_10_collisions ]
C:/Users/socia/AppData/Local/Temp/_gbsbuild/obj/scene_10_init.rel
                                          [ scene_10_init ]
C:/Users/socia/AppData/Local/Temp/_gbsbuild/obj/scene_10_triggers.rel
                                          [ scene_10_triggers ]
C:/Users/socia/AppData/Local/Temp/_gbsbuild/obj/scene_10.rel
                                          [ scene_10 ]
C:/Users/socia/AppData/Local/Temp/_gbsbuild/obj/scene_3_actors.rel
                                          [ scene_3_actors ]
C:/Users/socia/AppData/Local/Temp/_gbsbuild/obj/scene_3_collisions.rel
                                          [ scene_3_collisions ]
C:/Users/socia/AppData/Local/Temp/_gbsbuild/obj/scene_3_init.rel
                                          [ scene_3_init ]
C:/Users/socia/AppData/Local/Temp/_gbsbuild/obj/scene_3_sprites.rel
                                          [ scene_3_sprites ]
C:/Users/socia/AppData/Local/Temp/_gbsbuild/obj/scene_3_triggers.rel
                                          [ scene_3_triggers ]
C:/Users/socia/AppData/Local/Temp/_gbsbuild/obj/scene_3.rel
                                          [ scene_3 ]
C:/Users/socia/AppData/Local/Temp/_gbsbuild/obj/scene_4_actors.rel
                                          [ scene_4_actors ]
C:/Users/socia/AppData/Local/Temp/_gbsbuild/obj/scene_4_collisions.rel
                                          [ scene_4_collisions ]
C:/Users/socia/AppData/Local/Temp/_gbsbuild/obj/scene_4_init.rel
                                          [ scene_4_init ]
C:/Users/socia/AppData/Local/Temp/_gbsbuild/obj/scene_4_sprites.rel
                                          [ scene_4_sprites ]
C:/Users/socia/AppData/Local/Temp/_gbsbuild/obj/scene_4.rel
                                          [ scene_4 ]
C:/Users/socia/AppData/Local/Temp/_gbsbuild/obj/scene_5_actors.rel
                                          [ scene_5_actors ]
C:/Users/socia/AppData/Local/Temp/_gbsbuild/obj/scene_5_collisions.rel
                                          [ scene_5_collisions ]
C:/Users/socia/AppData/Local/Temp/_gbsbuild/obj/scene_5_init.rel
                                          [ scene_5_init ]
C:/Users/socia/AppData/Local/Temp/_gbsbuild/obj/scene_5_sprites.rel
                                          [ scene_5_sprites ]
C:/Users/socia/AppData/Local/Temp/_gbsbuild/obj/scene_5_triggers.rel
                                          [ scene_5_triggers ]
C:/Users/socia/AppData/Local/Temp/_gbsbuild/obj/scene_5.rel
                                          [ scene_5 ]
C:/Users/socia/AppData/Local/Temp/_gbsbuild/obj/scene_6_actors.rel
                                          [ scene_6_actors ]
C:/Users/socia/AppData/Local/Temp/_gbsbuild/obj/scene_6_collisions.rel
                                          [ scene_6_collisions ]
C:/Users/socia/AppData/Local/Temp/_gbsbuild/obj/scene_6_init.rel
                                          [ scene_6_init ]
C:/Users/socia/AppData/Local/Temp/_gbsbuild/obj/scene_6_sprites.rel
                                          [ scene_6_sprites ]
C:/Users/socia/AppData/Local/Temp/_gbsbuild/obj/scene_6_triggers.rel
                                          [ scene_6_triggers ]
C:/Users/socia/AppData/Local/Temp/_gbsbuild/obj/scene_6.rel
                                          [ scene_6 ]
C:/Users/socia/AppData/Local/Temp/_gbsbuild/obj/scene_7_actors.rel
                                          [ scene_7_actors ]
C:/Users/socia/AppData/Local/Temp/_gbsbuild/obj/scene_7_collisions.rel
                                          [ scene_7_collisions ]
C:/Users/socia/AppData/Local/Temp/_gbsbuild/obj/scene_7_init.rel
                                          [ scene_7_init ]
C:/Users/socia/AppData/Local/Temp/_gbsbuild/obj/scene_7_sprites.rel
                                          [ scene_7_sprites ]
C:/Users/socia/AppData/Local/Temp/_gbsbuild/obj/scene_7.rel
                                          [ scene_7 ]
C:/Users/socia/AppData/Local/Temp/_gbsbuild/obj/scene_8_actors.rel
                                          [ scene_8_actors ]
C:/Users/socia/AppData/Local/Temp/_gbsbuild/obj/scene_8_collisions.rel
                                          [ scene_8_collisions ]
C:/Users/socia/AppData/Local/Temp/_gbsbuild/obj/scene_8_init.rel
                                          [ scene_8_init ]
C:/Users/socia/AppData/Local/Temp/_gbsbuild/obj/scene_8_sprites.rel
                                          [ scene_8_sprites ]
C:/Users/socia/AppData/Local/Temp/_gbsbuild/obj/scene_8.rel
                                          [ scene_8 ]
C:/Users/socia/AppData/Local/Temp/_gbsbuild/obj/scene_9_actors.rel
                                          [ scene_9_actors ]
C:/Users/socia/AppData/Local/Temp/_gbsbuild/obj/scene_9_collisions.rel
                                          [ scene_9_collisions ]
C:/Users/socia/AppData/Local/Temp/_gbsbuild/obj/scene_9_init.rel
                                          [ scene_9_init ]
C:/Users/socia/AppData/Local/Temp/_gbsbuild/obj/scene_9_sprites.rel
                                          [ scene_9_sprites ]
C:/Users/socia/AppData/Local/Temp/_gbsbuild/obj/scene_9_triggers.rel
                                          [ scene_9_triggers ]
C:/Users/socia/AppData/Local/Temp/_gbsbuild/obj/scene_9.rel
                                          [ scene_9 ]
C:/Users/socia/AppData/Local/Temp/_gbsbuild/obj/scene_logo_collisions.rel
                                          [ scene_logo_collisions ]
C:/Users/socia/AppData/Local/Temp/_gbsbuild/obj/scene_logo_init.rel
                                          [ scene_logo_init ]
C:/Users/socia/AppData/Local/Temp/_gbsbuild/obj/scene_logo.rel
                                          [ scene_logo ]
C:/Users/socia/AppData/Local/Temp/_gbsbuild/obj/scene_title_screen_collisions.rel
                                          [ scene_title_screen_collisions ]
C:/Users/socia/AppData/Local/Temp/_gbsbuild/obj/scene_title_screen_init.rel
                                          [ scene_title_screen_init ]
C:/Users/socia/AppData/Local/Temp/_gbsbuild/obj/scene_title_screen.rel
                                          [ scene_title_screen ]
C:/Users/socia/AppData/Local/Temp/_gbsbuild/obj/script_2.rel
                                          [ script_2 ]
C:/Users/socia/AppData/Local/Temp/_gbsbuild/obj/script_engine_init.rel
                                          [  ]
C:/Users/socia/AppData/Local/Temp/_gbsbuild/obj/sound_portal_wav.rel
                                          [ sound_portal_wav ]
C:/Users/socia/AppData/Local/Temp/_gbsbuild/obj/sprite_boieldieu_tileset.rel
                                          [ sprite_boieldieu_tileset ]
C:/Users/socia/AppData/Local/Temp/_gbsbuild/obj/sprite_boieldieu.rel
                                          [ sprite_boieldieu ]
C:/Users/socia/AppData/Local/Temp/_gbsbuild/obj/sprite_explorer_tileset.rel
                                          [ sprite_explorer_tileset ]
C:/Users/socia/AppData/Local/Temp/_gbsbuild/obj/sprite_explorer.rel
                                          [ sprite_explorer ]
C:/Users/socia/AppData/Local/Temp/_gbsbuild/obj/sprite_flaubert_tileset.rel
                                          [ sprite_flaubert_tileset ]
C:/Users/socia/AppData/Local/Temp/_gbsbuild/obj/sprite_flaubert.rel
                                          [ sprite_flaubert ]
C:/Users/socia/AppData/Local/Temp/_gbsbuild/obj/sprite_guillaume_tileset.rel
                                          [ sprite_guillaume_tileset ]
C:/Users/socia/AppData/Local/Temp/_gbsbuild/obj/sprite_guillaume.rel
                                          [ sprite_guillaume ]
C:/Users/socia/AppData/Local/Temp/_gbsbuild/obj/sprite_invisible_tileset.rel
                                          [ sprite_invisible_tileset ]
C:/Users/socia/AppData/Local/Temp/_gbsbuild/obj/sprite_invisible.rel
                                          [ sprite_invisible ]
C:/Users/socia/AppData/Local/Temp/_gbsbuild/obj/sprite_jeanne_tileset.rel
                                          [ sprite_jeanne_tileset ]
C:/Users/socia/AppData/Local/Temp/_gbsbuild/obj/sprite_jeanne.rel
                                          [ sprite_jeanne ]
C:/Users/socia/AppData/Local/Temp/_gbsbuild/obj/sprite_mathilde_tileset.rel
                                          [ sprite_mathilde_tileset ]
C:/Users/socia/AppData/Local/Temp/_gbsbuild/obj/sprite_mathilde.rel
                                          [ sprite_mathilde ]
C:/Users/socia/AppData/Local/Temp/_gbsbuild/obj/sprite_portal_tileset.rel
                                          [ sprite_portal_tileset ]
C:/Users/socia/AppData/Local/Temp/_gbsbuild/obj/sprite_portal.rel
                                          [ sprite_portal ]
C:/Users/socia/AppData/Local/Temp/_gbsbuild/obj/sprite_rodrigue_tileset.rel
                                          [ sprite_rodrigue_tileset ]
C:/Users/socia/AppData/Local/Temp/_gbsbuild/obj/sprite_rodrigue.rel
                                          [ sprite_rodrigue ]
C:/Users/socia/AppData/Local/Temp/_gbsbuild/obj/spritesheet_none.rel
                                          [ spritesheet_none ]
C:/Users/socia/AppData/Local/Temp/_gbsbuild/obj/trigger_0_interact.rel
                                          [ trigger_0_interact ]
C:/Users/socia/AppData/Local/Temp/_gbsbuild/obj/trigger_1_interact.rel
                                          [ trigger_1_interact ]
C:/Users/socia/AppData/Local/Temp/_gbsbuild/obj/trigger_10_interact.rel
                                          [ trigger_10_interact ]
C:/Users/socia/AppData/Local/Temp/_gbsbuild/obj/trigger_11_interact.rel
                                          [ trigger_11_interact ]
C:/Users/socia/AppData/Local/Temp/_gbsbuild/obj/trigger_12_interact.rel
                                          [ trigger_12_interact ]
C:/Users/socia/AppData/Local/Temp/_gbsbuild/obj/trigger_13_interact.rel
                                          [ trigger_13_interact ]
C:/Users/socia/AppData/Local/Temp/_gbsbuild/obj/trigger_14_interact.rel
                                          [ trigger_14_interact ]
C:/Users/socia/AppData/Local/Temp/_gbsbuild/obj/trigger_15_interact.rel
                                          [ trigger_15_interact ]
C:/Users/socia/AppData/Local/Temp/_gbsbuild/obj/trigger_16_interact.rel
                                          [ trigger_16_interact ]
C:/Users/socia/AppData/Local/Temp/_gbsbuild/obj/trigger_2_interact.rel
                                          [ trigger_2_interact ]
C:/Users/socia/AppData/Local/Temp/_gbsbuild/obj/trigger_3_interact.rel
                                          [ trigger_3_interact ]
C:/Users/socia/AppData/Local/Temp/_gbsbuild/obj/trigger_4_interact.rel
                                          [ trigger_4_interact ]
C:/Users/socia/AppData/Local/Temp/_gbsbuild/obj/trigger_5_interact.rel
                                          [ trigger_5_interact ]
C:/Users/socia/AppData/Local/Temp/_gbsbuild/obj/trigger_6_interact.rel
                                          [ trigger_6_interact ]
C:/Users/socia/AppData/Local/Temp/_gbsbuild/obj/trigger_7_interact.rel
                                          [ trigger_7_interact ]
C:/Users/socia/AppData/Local/Temp/_gbsbuild/obj/trigger_8_interact.rel
                                          [ trigger_8_interact ]
C:/Users/socia/AppData/Local/Temp/_gbsbuild/obj/trigger_9_interact.rel
                                          [ trigger_9_interact ]
C:/Users/socia/AppData/Local/Temp/_gbsbuild/obj/main.rel
                                          [ main ]
C:/Users/socia/AppData/Local/Temp/_gbsbuild/obj/adventure.rel
                                          [ adventure ]
C:/Users/socia/AppData/Local/Temp/_gbsbuild/obj/logo.rel
                                          [ logo ]
C:/Users/socia/AppData/Local/Temp/_gbsbuild/obj/platform.rel
                                          [ platform ]
C:/Users/socia/AppData/Local/Temp/_gbsbuild/obj/pointnclick.rel
                                          [ pointnclick ]
C:/Users/socia/AppData/Local/Temp/_gbsbuild/obj/shmup.rel
                                          [ shmup ]
C:/Users/socia/AppData/Local/Temp/_gbsbuild/obj/states_ptrs.rel
                                          [  ]
C:/Users/socia/AppData/Local/Temp/_gbsbuild/obj/topdown.rel
                                          [ topdown ]


Libraries Linked                          [ object file ]

C:\Users\socia\AppData\Local\Temp/_gbstools/gbdk/lib/gb/gb.lib
                                          [ fill_rect_wi.o ]
C:\Users\socia\AppData\Local\Temp/_gbstools/gbdk/lib/sm83/sm83.lib
                                          [ rand.o ]
lib/hUGEDriver.lib                        [ hUGEDriver.o ]
C:\Users\socia\AppData\Local\Temp/_gbstools/gbdk/lib/gb/gb.lib
                                          [ sfr.o ]
C:\Users\socia\AppData\Local\Temp/_gbstools/gbdk/lib/gb/gb.lib
                                          [ get_data.o ]
C:\Users\socia\AppData\Local\Temp/_gbstools/gbdk/lib/gb/gb.lib
                                          [ get_tile.o ]
C:\Users\socia\AppData\Local\Temp/_gbstools/gbdk/lib/gb/gb.lib
                                          [ cgb_palettes.o ]
C:\Users\socia\AppData\Local\Temp/_gbstools/gbdk/lib/gb/gb.lib
                                          [ metasprites_hide_spr.o ]
C:\Users\socia\AppData\Local\Temp/_gbstools/gbdk/lib/sm83/sm83.lib
                                          [ mul.o ]
C:\Users\socia\AppData\Local\Temp/_gbstools/gbdk/lib/gb/gb.lib
                                          [ set_tile.o ]
C:\Users\socia\AppData\Local\Temp/_gbstools/gbdk/lib/sm83/sm83.lib
                                          [ abs.o ]
C:\Users\socia\AppData\Local\Temp/_gbstools/gbdk/lib/gb/gb.lib
                                          [ set_wi_t.o ]
C:\Users\socia\AppData\Local\Temp/_gbstools/gbdk/lib/gb/gb.lib
                                          [ set_data.o ]
C:\Users\socia\AppData\Local\Temp/_gbstools/gbdk/lib/sm83/sm83.lib
                                          [ reverse.o ]
C:\Users\socia\AppData\Local\Temp/_gbstools/gbdk/lib/gb/gb.lib
                                          [ far_ptr.o ]
C:\Users\socia\AppData\Local\Temp/_gbstools/gbdk/lib/gb/gb.lib
                                          [ sgb.o ]
C:\Users\socia\AppData\Local\Temp/_gbstools/gbdk/lib/gb/gb.lib
                                          [ lcd.o ]
C:\Users\socia\AppData\Local\Temp/_gbstools/gbdk/lib/gb/gb.lib
                                          [ fill_rect.o ]
C:\Users\socia\AppData\Local\Temp/_gbstools/gbdk/lib/gb/gb.lib
                                          [ cpy_data.o ]
C:\Users\socia\AppData\Local\Temp/_gbstools/gbdk/lib/gb/gb.lib
                                          [ fill_rect_bk.o ]
C:\Users\socia\AppData\Local\Temp/_gbstools/gbdk/lib/gb/gb.lib
                                          [ pad.o ]
C:\Users\socia\AppData\Local\Temp/_gbstools/gbdk/lib/gb/gb.lib
                                          [ metasprites.o ]
C:\Users\socia\AppData\Local\Temp/_gbstools/gbdk/lib/sm83/sm83.lib
                                          [ __sdcc_call_hl.o ]
C:\Users\socia\AppData\Local\Temp/_gbstools/gbdk/lib/sm83/sm83.lib
                                          [ memcpy.o ]
C:\Users\socia\AppData\Local\Temp/_gbstools/gbdk/lib/sm83/sm83.lib
                                          [ _memset.o ]
C:\Users\socia\AppData\Local\Temp/_gbstools/gbdk/lib/gb/gb.lib
                                          [ set_xy_t.o ]
C:\Users\socia\AppData\Local\Temp/_gbstools/gbdk/lib/gb/gb.lib
                                          [ ___sdcc_bcall_ehl.o ]
C:\Users\socia\AppData\Local\Temp/_gbstools/gbdk/lib/gb/gb.lib
                                          [ cgb.o ]
C:\Users\socia\AppData\Local\Temp/_gbstools/gbdk/lib/sm83/sm83.lib
                                          [ div.o ]
C:\Users\socia\AppData\Local\Temp/_gbstools/gbdk/lib/gb/gb.lib
                                          [ set_bk_t.o ]

ASxxxx Linker V03.00/V05.40 + sdld,  page 65.

User Base Address Definitions

_DATA=0xC0A0
_CODE=0x0200
ASxxxx Linker V03.00/V05.40 + sdld,  page 66.

User Global Definitions

.STACK=0xDF00
_shadow_OAM=0xC000
.refresh_OAM=0xFF80
__start_save=4

